******************************************************************************
                  TI ARM Linker PC v20.2.6                     
******************************************************************************
>> Linked Sun Sep 18 14:01:49 2022

OUTPUT FILE NAME:   <spiloopback_EK_TM4C123GXL_TI.out>
ENTRY POINT SYMBOL: "_c_int00"  address: 00003469


MEMORY CONFIGURATION

         name            origin    length      used     unused   attr    fill
----------------------  --------  ---------  --------  --------  ----  --------
  FLASH                 00000000   00040000  0000743c  00038bc4  R  X
  SRAM                  20000000   00008000  00002098  00005f68  RW X


SEGMENT ALLOCATION MAP

run origin  load origin   length   init length attrs members
----------  ----------- ---------- ----------- ----- -------
00000000    00000000    00007448   00007448    r-x
  00000000    00000000    0000003c   0000003c    r-- .resetVecs
  00000040    00000040    00005212   00005212    r-x .text
  00005254    00005254    00001fd6   00001fd6    r-- .const
  00007230    00007230    00000218   00000218    r-- .cinit
20000000    20000000    00000360   00000000    rw-
  20000000    20000000    00000360   00000000    rw- .vecs
20000400    20000400    00001d38   00000000    rw-
  20000400    20000400    00001614   00000000    rw- .bss
  20001a14    20001a14    00000424   00000000    rw- .data
  20001e38    20001e38    00000300   00000000    rw- .stack


SECTION ALLOCATION MAP

 output                                  attributes/
section   page    origin      length       input sections
--------  ----  ----------  ----------   ----------------
.text      0    00000040    00005212     
                  00000040    00000430     sysbios.aem4f : BIOS.obj (.text:ti_sysbios_family_arm_m3_Hwi_excDumpRegs__I)
                  00000470    0000034c     ti.targets.arm.rtsarm.aem4f : System.oem4f (.text:xdc_runtime_System_doPrint__I)
                  000007bc    00000004     driverlib.lib : ssi.obj (.text:SSIIntClear)
                  000007c0    000001f4     sysbios.aem4f : BIOS.obj (.text:ti_sysbios_family_arm_m3_Hwi_excHandlerMax__I)
                  000009b4    00000004     rtsv7M4_T_le_v4SPD16_eabi.lib : exit.c.obj (.text:abort:abort)
                  000009b8    00000174     sysbios.aem4f : BIOS.obj (.text:ti_sysbios_family_arm_m3_Hwi_excBusFault__I)
                  00000b2c    00000004     spiloopback_pem4f.oem4f (.text:ti_sysbios_BIOS_RtsGateProxy_enter__E)
                  00000b30    00000164     sysbios.aem4f : BIOS.obj (.text:ti_sysbios_family_arm_m3_Hwi_excUsageFault__I)
                  00000c94    00000160     spiloopback.obj (.text:main)
                  00000df4    00000004     spiloopback_pem4f.oem4f (.text:ti_sysbios_BIOS_RtsGateProxy_leave__E)
                  00000df8    00000154     sysbios.aem4f : BIOS.obj (.text:ti_sysbios_knl_Semaphore_pend__E)
                  00000f4c    00000150     drivers_tivaware.aem4f : GPIOTiva.oem4f (.text:GPIO_setConfig)
                  0000109c    00000004     sysbios.aem4f : BIOS.obj (.text:ti_sysbios_family_arm_lm4_Timer_masterEnable__I)
                  000010a0    00000148                   : BIOS.obj (.text:ti_sysbios_family_arm_m3_Hwi_excMemFault__I)
                  000011e8    00000130     driverlib.lib : gpio.obj (.text:GPIOPadConfigSet)
                  00001318    00000118     ti.targets.arm.rtsarm.aem4f : Error.oem4f (.text:xdc_runtime_Error_policyDefault__E)
                  00001430    00000108     sysbios.aem4f : BIOS.obj (.text:ti_sysbios_family_arm_lm4_Timer_start__E)
                  00001538    00000100     Boot.aem4f : Boot_sysctl.oem4f (.text:ti_catalog_arm_cortexm4_tiva_ce_Boot_sysCtlClockSetI__I)
                  00001638    00000100     ti.targets.arm.rtsarm.aem4f : Core-mem.oem4f (.text:xdc_runtime_Core_createObject__I)
                  00001738    000000f8                                 : Startup.oem4f (.text:xdc_runtime_Startup_startMods__I)
                  00001830    000000f8     spiloopback_pem4f.oem4f (.text:xdc_runtime_System_printfExtend__I)
                  00001928    000000f4     sysbios.aem4f : m3_Hwi_asm.obj (.text:ti_sysbios_family_arm_m3_Hwi_dispatch__I)
                  00001a1c    000000d8     drivers_tivaware.aem4f : SPITivaDMA.oem4f (.text:SPITivaDMA_open)
                  00001af4    00000004     spiloopback_pem4f.oem4f (.text:ti_sysbios_family_arm_m3_Hwi_destruct)
                  00001af8    000000d4     sysbios.aem4f : BIOS.obj (.text:ti_sysbios_heaps_HeapMem_alloc__E)
                  00001bcc    000000cc     spiloopback.obj (.text:slaveTaskFxn)
                  00001c98    000000cc     sysbios.aem4f : BIOS.obj (.text:ti_sysbios_knl_Task_Instance_init__E)
                  00001d64    000000cc     ti.targets.arm.rtsarm.aem4f : Core-smem.oem4f (.text:xdc_runtime_Core_constructObject__I)
                  00001e30    000000c0     drivers_tivaware.aem4f : SPITivaDMA.oem4f (.text:SPITivaDMA_configDMA)
                  00001ef0    000000bc     EK_TM4C123GXL.obj (.text:EK_TM4C123GXL_initSPI)
                  00001fac    00000004     spiloopback_pem4f.oem4f (.text:ti_sysbios_family_arm_m3_TaskSupport_Module__startupDone__S)
                  00001fb0    000000bc     sysbios.aem4f : BIOS.obj (.text:ti_sysbios_family_arm_m3_Hwi_excDebugMon__I)
                  0000206c    00000004     spiloopback_pem4f.oem4f (.text:ti_sysbios_heaps_HeapMem_Module_GateProxy_enter__E)
                  00002070    000000bc     sysbios.aem4f : BIOS.obj (.text:ti_sysbios_family_arm_m3_Hwi_excHardFault__I)
                  0000212c    00000004     spiloopback_pem4f.oem4f (.text:ti_sysbios_heaps_HeapMem_Module_GateProxy_leave__E)
                  00002130    000000bc     sysbios.aem4f : BIOS.obj (.text:ti_sysbios_knl_Task_Instance_finalize__E)
                  000021ec    00000004     spiloopback_pem4f.oem4f (.text:ti_sysbios_knl_Clock_TimerProxy_getMaxTicks__E)
                  000021f0    000000b4     sysbios.aem4f : BIOS.obj (.text:ti_sysbios_knl_Task_checkStacks__E)
                  000022a4    00000004     spiloopback_pem4f.oem4f (.text:ti_sysbios_knl_Queue_destruct)
                  000022a8    000000ac     sysbios.aem4f : BIOS.obj (.text:ti_sysbios_family_arm_lm4_Timer_enableTiva__I)
                  00002354    000000a4     drivers_tivaware.aem4f : SPITivaDMA.oem4f (.text:SPITivaDMA_initHw)
                  000023f8    000000a0     auto_init.aem4f : auto_init.oem4f (.text)
                  00002498    000000a0     ti.targets.arm.rtsarm.aem4f : Text.oem4f (.text:xdc_runtime_Text_putMod__E)
                  00002538    0000009c     rtsv7M4_T_le_v4SPD16_eabi.lib : memcpy_t2.asm.obj (.text)
                  000025d4    0000009a     ti.targets.arm.rtsarm.aem4f : Text.oem4f (.text:xdc_runtime_Text_putSite__E)
                  0000266e    00000002     drivers_tivaware.aem4f : SPITivaDMA.oem4f (.text:SPITivaDMA_serviceISR)
                  00002670    00000098     Boot.aem4f : Boot.oem4f (.text:ti_catalog_arm_cortexm4_tiva_ce_Boot_sysCtlClockSet__E)
                  00002708    00000094     sysbios.aem4f : BIOS.obj (.text:ti_sysbios_family_arm_m3_Hwi_Instance_init__E)
                  0000279c    00000004     spiloopback_pem4f.oem4f (.text:ti_sysbios_knl_Semaphore_destruct)
                  000027a0    00000094     sysbios.aem4f : BIOS.obj (.text:ti_sysbios_family_arm_m3_Hwi_initNVIC__E)
                  00002834    00000004     ti.targets.arm.rtsarm.aem4f : Error.oem4f (.text:xdc_runtime_Error_getSite__E)
                  00002838    00000094     sysbios.aem4f : BIOS.obj (.text:ti_sysbios_knl_Task_postInit__I)
                  000028cc    0000008c     drivers_tivaware.aem4f : GPIOTiva.oem4f (.text:GPIO_init)
                  00002958    0000008c     sysbios.aem4f : m3_TaskSupport_asm.obj (.text:ti_sysbios_family_arm_m3_TaskSupport_buildTaskStack)
                  000029e4    00000088     EK_TM4C123GXL.obj (.text:EK_TM4C123GXL_initDMA)
                  00002a6c    00000004     spiloopback_pem4f.oem4f (.text:xdc_runtime_System_Module_GateProxy_enter__E)
                  00002a70    00000084     sysbios.aem4f : BIOS.obj (.text:ti_sysbios_family_arm_m3_Hwi_postInit__I)
                  00002af4    00000084     driverlib.lib : udma.obj (.text:uDMAChannelTransferSet)
                  00002b78    0000007c     sysbios.aem4f : BIOS.obj (.text:ti_sysbios_heaps_HeapMem_free__E)
                  00002bf4    0000007a     rtsv7M4_T_le_v4SPD16_eabi.lib : memset_t2.asm.obj (.text)
                  00002c6e    00000002                                   : _lock.c.obj (.text:_nop)
                  00002c70    00000070     sysbios.aem4f : BIOS.obj (.text:ti_sysbios_knl_Clock_workFunc__E)
                  00002ce0    00000070                   : BIOS.obj (.text:ti_sysbios_knl_Task_exit__E)
                  00002d50    0000006d     ti.targets.arm.rtsarm.aem4f : System.oem4f (.text:xdc_runtime_System_formatNum__I)
                  00002dbd    00000001     --HOLE-- [fill = 0]
                  00002dbe    00000002     rtsv7M4_T_le_v4SPD16_eabi.lib : div0.asm.obj (.text)
                  00002dc0    0000006c     sysbios.aem4f : BIOS.obj (.text:ti_sysbios_knl_Swi_restoreHwi__E)
                  00002e2c    0000006c     ti.targets.arm.rtsarm.aem4f : Error.oem4f (.text:xdc_runtime_Error_print__E)
                  00002e98    0000006c                                 : Memory.oem4f (.text:xdc_runtime_Memory_alloc__E)
                  00002f04    00000068     rtsv7M4_T_le_v4SPD16_eabi.lib : copy_decompress_lzss.c.obj (.text:decompress:lzss:__TI_decompress_lzss)
                  00002f6c    00000066     ti.targets.arm.rtsarm.aem4f : Core-mem.oem4f (.text:xdc_runtime_Core_deleteObject__I)
                  00002fd2    00000002     spiloopback_pem4f.oem4f (.text:ti_sysbios_BIOS_nullFunc__I)
                  00002fd4    00000064     drivers_tivaware.aem4f : GPIOTiva.oem4f (.text:GPIO_hwiIntFxn)
                  00003038    00000064     sysbios.aem4f : BIOS.obj (.text:ti_sysbios_family_arm_lm4_Timer_Module_startup__E)
                  0000309c    00000064     spiloopback_pem4f.oem4f (.text:ti_sysbios_family_arm_m3_Hwi_create)
                  00003100    00000064     sysbios.aem4f : BIOS.obj (.text:ti_sysbios_family_arm_m3_Hwi_dispatchC__I)
                  00003164    00000004     spiloopback_pem4f.oem4f (.text:xdc_runtime_System_Module_GateProxy_leave__E)
                  00003168    00000064     sysbios.aem4f : BIOS.obj (.text:ti_sysbios_knl_Semaphore_post__E)
                  000031cc    00000062     drivers_tivaware.aem4f : SPITivaDMA.oem4f (.text:SPITivaDMA_transfer)
                  0000322e    00000002     spiloopback_pem4f.oem4f (.text:xdc_runtime_Startup_reset__I)
                  00003230    00000060     sysbios.aem4f : BIOS.obj (.text:ti_sysbios_knl_Task_schedule__I)
                  00003290    0000005c                   : BIOS.obj (.text:ti_sysbios_knl_Swi_run__I)
                  000032ec    00000004     ti.targets.arm.rtsarm.aem4f : System.oem4f (.text:xdc_runtime_System_aprintf_va__F)
                  000032f0    0000005c     sysbios.aem4f : BIOS.obj (.text:ti_sysbios_knl_Swi_schedule__I)
                  0000334c    00000004     ti.targets.arm.rtsarm.aem4f : System.oem4f (.text:xdc_runtime_System_printf_va__F)
                  00003350    0000005c     sysbios.aem4f : BIOS.obj (.text:ti_sysbios_knl_Task_Module_startup__E)
                  000033ac    00000004     --HOLE-- [fill = 0]
                  000033b0    0000005c                   : BIOS.obj (.text:ti_sysbios_knl_Task_startCore__E)
                  0000340c    0000005b     ti.targets.arm.rtsarm.aem4f : Text.oem4f (.text:xdc_runtime_Text_putLab__E)
                  00003467    00000001     --HOLE-- [fill = 0]
                  00003468    00000058     boot.aem4f : boot.oem4f (.text)
                  000034c0    00000058     rtsv7M4_T_le_v4SPD16_eabi.lib : hostwrite.c.obj (.text:HOSTwrite)
                  00003518    00000058     spiloopback_pem4f.oem4f (.text:ti_sysbios_family_arm_m3_Hwi_construct)
                  00003570    00000058     sysbios.aem4f : m3_Hwi_asm_switch.obj (.text:ti_sysbios_family_arm_m3_Hwi_initStacks__E)
                  000035c8    00000056     driverlib.lib : gpio.obj (.text:GPIOIntTypeSet)
                  0000361e    00000002     --HOLE-- [fill = 0]
                  00003620    00000054     sysbios.aem4f : BIOS.obj (.text:ti_sysbios_family_arm_lm4_Timer_initDevice__I)
                  00003674    00000054     spiloopback_pem4f.oem4f (.text:ti_sysbios_knl_Task_construct)
                  000036c8    00000054     ti.targets.arm.rtsarm.aem4f : Assert.oem4f (.text:xdc_runtime_Assert_raise__I)
                  0000371c    00000050     drivers_tivaware.aem4f : GPIOTiva.oem4f (.text:GPIO_setCallback)
                  0000376c    00000050                            : GPIOTiva.oem4f (.text:GPIO_write)
                  000037bc    00000050     driverlib.lib : sysctl.obj (.text:SysCtlPeripheralReset)
                  0000380c    00000004     --HOLE-- [fill = 0]
                  00003810    00000050     sysbios.aem4f : BIOS.obj (.text:ti_sysbios_family_arm_m3_Hwi_Module_startup__E)
                  00003860    00000050     ti.targets.arm.rtsarm.aem4f : Startup.oem4f (.text:xdc_runtime_Startup_exec__E)
                  000038b0    00000050                                 : Text.oem4f (.text:xdc_runtime_Text_visitRope2__I)
                  00003900    0000004c     rtsv7M4_T_le_v4SPD16_eabi.lib : cpy_tbl.c.obj (.text:copy_in)
                  0000394c    00000004     --HOLE-- [fill = 0]
                  00003950    0000004c     sysbios.aem4f : BIOS.obj (.text:ti_sysbios_heaps_HeapMem_getStats__E)
                  0000399c    00000004     --HOLE-- [fill = 0]
                  000039a0    0000004c                   : BIOS.obj (.text:ti_sysbios_knl_Swi_runLoop__I)
                  000039ec    00000004     --HOLE-- [fill = 0]
                  000039f0    0000004c                   : BIOS.obj (.text:ti_sysbios_knl_Task_allBlockedFunction__I)
                  00003a3c    00000048     driverlib.lib : gpio.obj (.text:GPIOPinConfigure)
                  00003a84    00000004     --HOLE-- [fill = 0]
                  00003a88    00000048     sysbios.aem4f : BIOS.obj (.text:ti_sysbios_family_arm_lm4_Timer_enableTimers__I)
                  00003ad0    00000048                   : BIOS.obj (.text:ti_sysbios_family_arm_m3_Hwi_disableInterrupt__E)
                  00003b18    00000048                   : BIOS.obj (.text:ti_sysbios_family_arm_m3_Hwi_enableInterrupt__E)
                  00003b60    00000048                   : BIOS.obj (.text:ti_sysbios_family_arm_m3_Hwi_excReserved__I)
                  00003ba8    00000046     ti.targets.arm.rtsarm.aem4f : Core-params.oem4f (.text:xdc_runtime_Core_assignParams__I)
                  00003bee    00000044     drivers_tivaware.aem4f : SPITivaDMA.oem4f (.text:SPITivaDMA_hwiFxn)
                  00003c32    00000006     driverlib.lib : gpio.obj (.text:GPIOIntClear)
                  00003c38    00000044     sysbios.aem4f : BIOS.obj (.text:ti_sysbios_family_arm_lm4_Timer_isrStub__E)
                  00003c7c    00000004     --HOLE-- [fill = 0]
                  00003c80    00000044                   : BIOS.obj (.text:ti_sysbios_family_arm_m3_Hwi_getStackInfo__E)
                  00003cc4    00000004     --HOLE-- [fill = 0]
                  00003cc8    00000044                   : BIOS.obj (.text:ti_sysbios_knl_Swi_post__E)
                  00003d0c    00000044     ti.targets.arm.rtsarm.aem4f : Error.oem4f (.text:xdc_runtime_Error_setX__E)
                  00003d50    00000044                                 : SysMin.oem4f (.text:xdc_runtime_SysMin_flush__E)
                  00003d94    00000044                                 : Text.oem4f (.text:xdc_runtime_Text_xprintf__I)
                  00003dd8    00000042     drivers_tivaware.aem4f : SPITivaDMA.oem4f (.text:SPITivaDMA_transferCancel)
                  00003e1a    00000002     --HOLE-- [fill = 0]
                  00003e1c    00000040     EK_TM4C123GXL.obj (.text:EK_TM4C123GXL_initGeneral)
                  00003e5c    00000040     rtsv7M4_T_le_v4SPD16_eabi.lib : u_divt2.asm.obj (.text)
                  00003e9c    00000004     --HOLE-- [fill = 0]
                  00003ea0    00000040     sysbios.aem4f : BIOS.obj (.text:ti_sysbios_family_arm_lm4_Timer_startup__E)
                  00003ee0    00000040                   : BIOS.obj (.text:ti_sysbios_heaps_HeapMem_Instance_init__E)
                  00003f20    0000003c     drivers_tivaware.aem4f : SPITivaDMA.oem4f (.text:SPITivaDMA_close)
                  00003f5c    0000003c     driverlib.lib : ssi.obj (.text:SSIConfigSetExpClk)
                  00003f98    0000003c     EK_TM4C123GXL.obj (.text:dmaErrorHwi)
                  00003fd4    00000004     --HOLE-- [fill = 0]
                  00003fd8    0000003c     sysbios.aem4f : BIOS.obj (.text:ti_sysbios_family_arm_m3_Hwi_excSvCall__I)
                  00004014    00000004     --HOLE-- [fill = 0]
                  00004018    0000003c                   : BIOS.obj (.text:ti_sysbios_heaps_HeapMem_init__I)
                  00004054    00000004     --HOLE-- [fill = 0]
                  00004058    0000003c                   : BIOS.obj (.text:ti_sysbios_knl_Swi_restore__E)
                  00004094    00000038     drivers_tivaware.aem4f : SPI.oem4f (.text:SPI_init)
                  000040cc    00000038     rtsv7M4_T_le_v4SPD16_eabi.lib : trgmsg.c.obj (.text:__TI_writemsg)
                  00004104    00000004     --HOLE-- [fill = 0]
                  00004108    00000038     sysbios.aem4f : BIOS.obj (.text:ti_sysbios_family_arm_m3_Hwi_excNoIsr__I)
                  00004140    00000038                   : BIOS.obj (.text:ti_sysbios_knl_Task_processVitalTaskFlag__I)
                  00004178    00000038     ti.targets.arm.rtsarm.aem4f : SysMin.oem4f (.text:xdc_runtime_SysMin_putch__E)
                  000041b0    00000038                                 : System.oem4f (.text:xdc_runtime_System_atexit__E)
                  000041e8    00000034     driverlib.lib : sysctl.obj (.text:SysCtlPeripheralEnable)
                  0000421c    00000034     rtsv7M4_T_le_v4SPD16_eabi.lib : trgmsg.c.obj (.text:__TI_readmsg)
                  00004250    00000034     sysbios.aem4f : BIOS.obj (.text:ti_sysbios_family_arm_m3_Hwi_Instance_finalize__E)
                  00004284    00000004     --HOLE-- [fill = 0]
                  00004288    00000034                   : BIOS.obj (.text:ti_sysbios_family_arm_m3_Hwi_excNmi__I)
                  000042bc    00000004     --HOLE-- [fill = 0]
                  000042c0    00000034                   : BIOS.obj (.text:ti_sysbios_hal_Hwi_checkStack)
                  000042f4    00000034     ti.targets.arm.rtsarm.aem4f : Core-label.oem4f (.text:xdc_runtime_Core_assignLabel__I)
                  00004328    00000033                                 : Text.oem4f (.text:xdc_runtime_Text_printVisFxn__I)
                  0000435b    00000005     --HOLE-- [fill = 0]
                  00004360    00000032     sysbios.aem4f : BIOS.obj (.text:ti_sysbios_hal_Hwi_initStack)
                  00004392    00000002     --HOLE-- [fill = 0]
                  00004394    00000030     EK_TM4C123GXL.obj (.text:EK_TM4C123GXL_initGPIO)
                  000043c4    00000030     drivers_tivaware.aem4f : SPI.oem4f (.text:SPI_open)
                  000043f4    00000030     spiloopback_pem4f.oem4f (.text:ti_sysbios_BIOS_atExitFunc__I)
                  00004424    00000004     --HOLE-- [fill = 0]
                  00004428    00000030     sysbios.aem4f : BIOS.obj (.text:ti_sysbios_family_arm_lm4_Timer_stop__E)
                  00004458    00000030                   : BIOS.obj (.text:ti_sysbios_family_arm_m3_TaskSupport_start__E)
                  00004488    00000030     spiloopback_pem4f.oem4f (.text:ti_sysbios_gates_GateHwi_Object__create__S)
                  000044b8    00000030     spiloopback_pem4f.oem4f (.text:ti_sysbios_gates_GateMutex_Object__create__S)
                  000044e8    00000030     sysbios.aem4f : BIOS.obj (.text:ti_sysbios_gates_GateMutex_enter__E)
                  00004518    00000030     spiloopback_pem4f.oem4f (.text:ti_sysbios_heaps_HeapMem_Object__create__S)
                  00004548    00000030     spiloopback_pem4f.oem4f (.text:ti_sysbios_knl_Semaphore_construct)
                  00004578    00000030     sysbios.aem4f : BIOS.obj (.text:ti_sysbios_knl_Semaphore_pendTimeout__I)
                  000045a8    00000030                   : BIOS.obj (.text:ti_sysbios_knl_Task_unblockI__E)
                  000045d8    00000030     ti.targets.arm.rtsarm.aem4f : SysMin.oem4f (.text:xdc_runtime_SysMin_abort__E)
                  00004608    00000030                                 : System.oem4f (.text:xdc_runtime_System_processAtExit__E)
                  00004638    0000002c     spiloopback_pem4f.oem4f (.text:ti_sysbios_knl_Clock_doTick__I)
                  00004664    0000002c     spiloopback_pem4f.oem4f (.text:ti_sysbios_knl_Queue_construct)
                  00004690    0000002c     sysbios.aem4f : BIOS.obj (.text:ti_sysbios_knl_Task_restore__E)
                  000046bc    0000002c     driverlib.lib : udma.obj (.text:uDMAChannelAssign)
                  000046e8    0000002c     ti.targets.arm.rtsarm.aem4f : Text.oem4f (.text:xdc_runtime_Text_cordText__E)
                  00004714    0000002a     driverlib.lib : gpio.obj (.text:GPIODirModeSet)
                  0000473e    0000002a     ti.targets.arm.rtsarm.aem4f : System.oem4f (.text:xdc_runtime_System_putchar__I)
                  00004768    00000028     sysbios.aem4f : BIOS.obj (.text:ti_sysbios_knl_Swi_Module_startup__E)
                  00004790    00000026                   : m3_Hwi_asm.obj (.text:ti_sysbios_family_arm_m3_Hwi_pendSV__I)
                  000047b6    00000026     ti.targets.arm.rtsarm.aem4f : System.oem4f (.text:xdc_runtime_System_avprintf__E)
                  000047dc    00000024     spiloopback_pem4f.oem4f (.text:ti_sysbios_BIOS_errorRaiseHook__I)
                  00004800    00000024     spiloopback_pem4f.oem4f (.text:ti_sysbios_BIOS_registerRTSLock__I)
                  00004824    00000024     spiloopback_pem4f.oem4f (.text:ti_sysbios_BIOS_removeRTSLock__I)
                  00004848    00000024     spiloopback_pem4f.oem4f (.text:ti_sysbios_BIOS_startFunc__I)
                  0000486c    00000024     spiloopback_pem4f.oem4f (.text:ti_sysbios_gates_GateMutex_Object__delete__S)
                  00004890    00000024     sysbios.aem4f : BIOS.obj (.text:ti_sysbios_knl_Clock_Module_startup__E)
                  000048b4    00000004     --HOLE-- [fill = 0]
                  000048b8    00000024                   : BIOS.obj (.text:ti_sysbios_knl_Semaphore_Instance_init__E)
                  000048dc    00000004     --HOLE-- [fill = 0]
                  000048e0    00000024                   : BIOS.obj (.text:ti_sysbios_knl_Task_restoreHwi__E)
                  00004904    00000024     driverlib.lib : udma.obj (.text:uDMAChannelControlSet)
                  00004928    00000024     ti.targets.arm.rtsarm.aem4f : System.oem4f (.text:xdc_runtime_System_vprintf__E)
                  0000494c    00000004     --HOLE-- [fill = 0]
                  00004950    00000022     sysbios.aem4f : BIOS.obj (.text:ti_sysbios_family_arm_lm4_Timer_write__I)
                  00004972    00000022     spiloopback_pem4f.oem4f (.text:xdc_runtime_SysMin_output__I)
                  00004994    00000020     spiloopback_pem4f.oem4f (.text:ti_sysbios_BIOS_rtsLock__I)
                  000049b4    00000004     --HOLE-- [fill = 0]
                  000049b8    00000020     sysbios.aem4f : BIOS.obj (.text:ti_sysbios_family_arm_m3_Hwi_clearInterrupt__E)
                  000049d8    00000020                   : m3_Hwi_asm.obj (.text:ti_sysbios_family_arm_m3_Hwi_excHandlerAsm__I)
                  000049f8    00000020                   : BIOS.obj (.text:ti_sysbios_family_arm_m3_Hwi_excHandler__I)
                  00004a18    00000020     spiloopback_pem4f.oem4f (.text:ti_sysbios_gates_GateHwi_Object__delete__S)
                  00004a38    00000020     spiloopback_pem4f.oem4f (.text:ti_sysbios_heaps_HeapMem_Object__delete__S)
                  00004a58    00000020     sysbios.aem4f : BIOS.obj (.text:ti_sysbios_knl_Idle_run__E)
                  00004a78    00000020     spiloopback_pem4f.oem4f (.text:ti_sysbios_knl_Semaphore_Object__destruct__S)
                  00004a98    00000020     ti.targets.arm.rtsarm.aem4f : Registry.oem4f (.text:xdc_runtime_Registry_findById__E)
                  00004ab8    00000020                                 : SysMin.oem4f (.text:xdc_runtime_SysMin_Module_startup__E)
                  00004ad8    0000001e     sysbios.aem4f : m3_Hwi_asm_switch.obj (.text:ti_sysbios_family_xxx_Hwi_switchAndRunFunc)
                  00004af6    0000001c     drivers_tivaware.aem4f : GPIOTiva.oem4f (.text:getGpioIntIndex)
                  00004b12    00000002     --HOLE-- [fill = 0]
                  00004b14    0000001c     spiloopback_pem4f.oem4f (.text:ti_sysbios_family_arm_m3_Hwi_Object__destruct__S)
                  00004b30    0000001c     sysbios.aem4f : BIOS.obj (.text:ti_sysbios_gates_GateMutex_Instance_init__E)
                  00004b4c    0000001c     spiloopback_pem4f.oem4f (.text:ti_sysbios_knl_Queue_Object__destruct__S)
                  00004b68    0000001c     sysbios.aem4f : BIOS.obj (.text:ti_sysbios_knl_Queue_put__E)
                  00004b84    00000004     --HOLE-- [fill = 0]
                  00004b88    0000001c                   : BIOS.obj (.text:ti_sysbios_knl_Task_enter__I)
                  00004ba4    0000001c     ti.targets.arm.rtsarm.aem4f : Error.oem4f (.text:xdc_runtime_Error_raiseX__E)
                  00004bc0    0000001c                                 : Memory.oem4f (.text:xdc_runtime_Memory_valloc__E)
                  00004bdc    0000001c                                 : SysMin.oem4f (.text:xdc_runtime_SysMin_exit__E)
                  00004bf8    0000001c                                 : System.oem4f (.text:xdc_runtime_System_abort__E)
                  00004c14    0000001a     spiloopback_pem4f.oem4f (.text:ti_sysbios_family_arm_m3_Hwi_Handle__label__S)
                  00004c2e    0000001a     spiloopback_pem4f.oem4f (.text:ti_sysbios_gates_GateHwi_Handle__label__S)
                  00004c48    0000001a     spiloopback_pem4f.oem4f (.text:ti_sysbios_gates_GateMutex_Handle__label__S)
                  00004c62    0000001a     spiloopback_pem4f.oem4f (.text:ti_sysbios_heaps_HeapMem_Handle__label__S)
                  00004c7c    0000001a     spiloopback_pem4f.oem4f (.text:ti_sysbios_knl_Swi_Handle__label__S)
                  00004c96    0000001a     spiloopback_pem4f.oem4f (.text:ti_sysbios_knl_Task_Handle__label__S)
                  00004cb0    0000001a     spiloopback_pem4f.oem4f (.text:xdc_runtime_System_aprintf__E)
                  00004cca    0000001a     spiloopback_pem4f.oem4f (.text:xdc_runtime_System_printf__E)
                  00004ce4    00000018     rtsv7M4_T_le_v4SPD16_eabi.lib : args_main.c.obj (.text:_args_main)
                  00004cfc    00000018     spiloopback_pem4f.oem4f (.text:ti_sysbios_BIOS_rtsUnlock__I)
                  00004d14    00000018     spiloopback_pem4f.oem4f (.text:ti_sysbios_family_arm_lm4_Timer_Module__startupDone__F)
                  00004d2c    00000018     spiloopback_pem4f.oem4f (.text:ti_sysbios_family_arm_m3_Hwi_Module__startupDone__F)
                  00004d44    00000018     sysbios.aem4f : m3_TaskSupport_asm.obj (.text:ti_sysbios_family_arm_m3_TaskSupport_swap__E)
                  00004d5c    00000004     --HOLE-- [fill = 0]
                  00004d60    00000018                   : BIOS.obj (.text:ti_sysbios_gates_GateMutex_leave__E)
                  00004d78    00000018     driverlib.lib : udma.obj (.text:uDMAChannelDisable)
                  00004d90    00000018                   : udma.obj (.text:uDMAChannelEnable)
                  00004da8    00000018                   : udma.obj (.text:uDMAChannelIsEnabled)
                  00004dc0    00000018     ti.targets.arm.rtsarm.aem4f : Error.oem4f (.text:xdc_runtime_Error_check__E)
                  00004dd8    00000018                                 : System.oem4f (.text:xdc_runtime_System_exit__E)
                  00004df0    00000018                                 : Text.oem4f (.text:xdc_runtime_Text_ropeText__E)
                  00004e08    00000016     spiloopback_pem4f.oem4f (.text:ti_sysbios_BIOS_exitFunc__I)
                  00004e1e    00000016     EK_TM4C123GXL.obj (.text:ti_sysbios_family_arm_m3_Hwi_Params_init)
                  00004e34    00000016     spiloopback.obj (.text:ti_sysbios_knl_Task_Params_init)
                  00004e4a    00000002     --HOLE-- [fill = 0]
                  00004e4c    00000014     drivers_tivaware.aem4f : SPI.oem4f (.text:SPI_Params_init)
                  00004e60    00000014     rtsv7M4_T_le_v4SPD16_eabi.lib : strlen.c.obj (.text:strlen)
                  00004e74    00000014     spiloopback_pem4f.oem4f (.text:ti_sysbios_family_arm_m3_Hwi_Object__get__S)
                  00004e88    00000014     sysbios.aem4f : BIOS.obj (.text:ti_sysbios_family_arm_m3_Hwi_switchFromBootStack__E)
                  00004e9c    00000014     spiloopback_pem4f.oem4f (.text:ti_sysbios_heaps_HeapMem_Object__get__S)
                  00004eb0    00000014     spiloopback_pem4f.oem4f (.text:ti_sysbios_knl_Swi_Object__get__S)
                  00004ec4    00000012     driverlib.lib : gpio.obj (.text:GPIOPinTypeGPIOInput)
                  00004ed6    00000012                   : gpio.obj (.text:GPIOPinTypeSSI)
                  00004ee8    00000012                   : ssi.obj (.text:SSIDataGetNonBlocking)
                  00004efa    00000006                   : gpio.obj (.text:GPIOPinWrite)
                  00004f00    00000012     sysbios.aem4f : BIOS.obj (.text:ti_sysbios_hal_Hwi_Module_startup__E)
                  00004f12    00000012     spiloopback_pem4f.oem4f (.text:xdc_runtime_Startup_exec__I)
                  00004f24    00000004     --HOLE-- [fill = 0]
                  00004f28    00000010     sysbios.aem4f : BIOS.obj (.text:ti_sysbios_BIOS_getCpuFreq__E)
                  00004f38    00000010                   : BIOS.obj (.text:ti_sysbios_BIOS_setThreadType__E)
                  00004f48    00000010                   : BIOS.obj (.text:ti_sysbios_BIOS_start__E)
                  00004f58    00000010                   : m3_TaskSupport_asm.obj (.text:ti_sysbios_family_arm_m3_TaskSupport_glue)
                  00004f68    00000010                   : BIOS.obj (.text:ti_sysbios_gates_GateMutex_Instance_finalize__E)
                  00004f78    00000010                   : BIOS.obj (.text:ti_sysbios_knl_Semaphore_Instance_finalize__E)
                  00004f88    00000010                   : BIOS.obj (.text:ti_sysbios_knl_Swi_disable__E)
                  00004f98    00000010     spiloopback_pem4f.oem4f (.text:ti_sysbios_knl_Task_Object__get__S)
                  00004fa8    00000010     sysbios.aem4f : BIOS.obj (.text:ti_sysbios_knl_Task_disable__E)
                  00004fb8    00000010     driverlib.lib : udma.obj (.text:uDMAEnable)
                  00004fc8    00000010     ti.targets.arm.rtsarm.aem4f : Gate.oem4f (.text:xdc_runtime_Gate_leaveSystem__E)
                  00004fd8    00000010                                 : Memory.oem4f (.text:xdc_runtime_Memory_free__E)
                  00004fe8    00000010                                 : SysMin.oem4f (.text:xdc_runtime_SysMin_ready__E)
                  00004ff8    00000010                                 : System.oem4f (.text:xdc_runtime_System_vsnprintf__E)
                  00005008    00000010     spiloopback_pem4f.oem4f (.text:xdc_runtime_Text_visitRope__I)
                  00005018    0000000e     driverlib.lib : gpio.obj (.text:GPIOIntStatus)
                  00005026    0000000e     rtsv7M4_T_le_v4SPD16_eabi.lib : copy_decompress_none.c.obj (.text:decompress:none:__TI_decompress_none)
                  00005034    00000004     --HOLE-- [fill = 0]
                  00005038    0000000e     sysbios.aem4f : BIOS.obj (.text:ti_sysbios_knl_Idle_loop__E)
                  00005046    00000002     --HOLE-- [fill = 0]
                  00005048    0000000e                   : BIOS.obj (.text:ti_sysbios_knl_Queue_empty__E)
                  00005056    00000002     --HOLE-- [fill = 0]
                  00005058    0000000c     spiloopback_pem4f.oem4f (.text:.bootCodeSection:ti_catalog_arm_cortexm4_tiva_ce_Boot_init__I)
                  00005064    0000000c     rtsv7M4_T_le_v4SPD16_eabi.lib : _lock.c.obj (.text:_register_lock)
                  00005070    0000000c                                   : _lock.c.obj (.text:_register_unlock)
                  0000507c    0000000c                                   : copy_zero_init.c.obj (.text:decompress:ZI:__TI_zero_init)
                  00005088    0000000c     sysbios.aem4f : BIOS.obj (.text:ti_sysbios_family_arm_lm4_Timer_getMaxTicks__E)
                  00005094    0000000c     spiloopback_pem4f.oem4f (.text:ti_sysbios_family_arm_m3_Hwi_Params__init__S)
                  000050a0    0000000c     sysbios.aem4f : BIOS.obj (.text:ti_sysbios_family_arm_m3_Hwi_disableFxn__E)
                  000050ac    00000004     --HOLE-- [fill = 0]
                  000050b0    0000000c                   : BIOS.obj (.text:ti_sysbios_family_arm_m3_TaskSupport_checkStack__E)
                  000050bc    00000004     --HOLE-- [fill = 0]
                  000050c0    0000000c                   : BIOS.obj (.text:ti_sysbios_family_arm_m3_TaskSupport_getStackAlignment__E)
                  000050cc    00000004     --HOLE-- [fill = 0]
                  000050d0    0000000c                   : BIOS.obj (.text:ti_sysbios_gates_GateHwi_enter__E)
                  000050dc    0000000c     spiloopback_pem4f.oem4f (.text:ti_sysbios_knl_Queue_Object__get__S)
                  000050e8    0000000c     spiloopback_pem4f.oem4f (.text:ti_sysbios_knl_Semaphore_Params__init__S)
                  000050f4    0000000c     spiloopback_pem4f.oem4f (.text:ti_sysbios_knl_Task_Params__init__S)
                  00005100    0000000c     driverlib.lib : udma.obj (.text:uDMAControlBaseSet)
                  0000510c    0000000c                   : udma.obj (.text:uDMAErrorStatusClear)
                  00005118    0000000c                   : udma.obj (.text:uDMAErrorStatusGet)
                  00005124    0000000c                   : udma.obj (.text:uDMAIntStatus)
                  00005130    0000000c     ti.targets.arm.rtsarm.aem4f : Error.oem4f (.text:xdc_runtime_Error_init__E)
                  0000513c    0000000c                                 : Gate.oem4f (.text:xdc_runtime_Gate_enterSystem__E)
                  00005148    0000000c                                 : Memory.oem4f (.text:xdc_runtime_Memory_calloc__E)
                  00005154    0000000c                                 : Memory.oem4f (.text:xdc_runtime_Memory_getMaxDefaultTypeAlign__E)
                  00005160    0000000a     drivers_tivaware.aem4f : SPITivaDMA.oem4f (.text:SPITivaDMA_init)
                  0000516a    0000000a                            : SPI.oem4f (.text:SPI_close)
                  00005174    0000000a                            : SPI.oem4f (.text:SPI_transfer)
                  0000517e    0000000a     driverlib.lib : ssi.obj (.text:SSIDMADisable)
                  00005188    0000000a                   : ssi.obj (.text:SSIDisable)
                  00005192    0000000a                   : ssi.obj (.text:SSIEnable)
                  0000519c    0000000a                   : ssi.obj (.text:SSIIntDisable)
                  000051a6    0000000a     spiloopback_pem4f.oem4f (.text:xdc_runtime_IHeap_alloc)
                  000051b0    0000000a     spiloopback_pem4f.oem4f (.text:xdc_runtime_IHeap_free)
                  000051ba    00000008     driverlib.lib : ssi.obj (.text:SSIDMAEnable)
                  000051c2    00000008                   : ssi.obj (.text:SSIIntEnable)
                  000051ca    00000008     sysbios.aem4f : BIOS.obj (.text:ti_sysbios_family_arm_lm4_Timer_masterDisable__I)
                  000051d2    00000006     drivers_tivaware.aem4f : SPITivaDMA.oem4f (.text:SPITivaDMA_control)
                  000051d8    00000008     sysbios.aem4f : BIOS.obj (.text:ti_sysbios_family_arm_m3_Hwi_doSwiRestore__I)
                  000051e0    00000008                   : BIOS.obj (.text:ti_sysbios_family_arm_m3_Hwi_startup__E)
                  000051e8    00000006     drivers_tivaware.aem4f : SPITivaDMA.oem4f (.text:SPITivaDMA_transferCallback)
                  000051ee    00000006     Boot.aem4f : Boot_sysctl.oem4f (.text:ti_catalog_arm_cortexm4_tiva_ce_Boot_sysCtlDelayI__I)
                  000051f4    00000004     --HOLE-- [fill = 0]
                  000051f8    00000006     sysbios.aem4f : BIOS.obj (.text:ti_sysbios_family_arm_m3_Hwi_doTaskRestore__I)
                  000051fe    00000002     --HOLE-- [fill = 0]
                  00005200    00000006                   : BIOS.obj (.text:ti_sysbios_family_arm_m3_Hwi_restoreFxn__E)
                  00005206    00000002     --HOLE-- [fill = 0]
                  00005208    00000006                   : BIOS.obj (.text:ti_sysbios_gates_GateHwi_leave__E)
                  0000520e    00000002     --HOLE-- [fill = 0]
                  00005210    00000006                   : BIOS.obj (.text:ti_sysbios_heaps_HeapMem_isBlocking__E)
                  00005216    00000002     --HOLE-- [fill = 0]
                  00005218    00000006                   : BIOS.obj (.text:ti_sysbios_knl_Queue_Instance_init__E)
                  0000521e    00000002     --HOLE-- [fill = 0]
                  00005220    00000006                   : BIOS.obj (.text:ti_sysbios_knl_Swi_startup__E)
                  00005226    00000006     ti.targets.arm.rtsarm.aem4f : System.oem4f (.text:xdc_runtime_System_Module_startup__E)
                  0000522c    00000004     --HOLE-- [fill = 0]
                  00005230    00000004     sysbios.aem4f : BIOS.obj (.text:ti_sysbios_gates_GateHwi_query__E)
                  00005234    00000004     --HOLE-- [fill = 0]
                  00005238    00000004                   : BIOS.obj (.text:ti_sysbios_gates_GateMutex_query__E)
                  0000523c    00000004     --HOLE-- [fill = 0]
                  00005240    00000004                   : BIOS.obj (.text:ti_sysbios_knl_Task_startup__E)
                  00005244    00000004     --HOLE-- [fill = 0]
                  00005248    00000002                   : BIOS.obj (.text:ti_sysbios_gates_GateHwi_Instance_init__E)
                  0000524a    00000006     --HOLE-- [fill = 0]
                  00005250    00000002                   : BIOS.obj (.text:ti_sysbios_knl_Clock_logTick__E)

.const     0    00005254    00001fd6     
                  00005254    00001861     spiloopback_pem4f.oem4f (.const:xdc_runtime_Text_charTab__A)
                  00006ab5    00000001     spiloopback_pem4f.oem4f (.const:xdc_runtime_Error_policy__C)
                  00006ab6    000000bc     spiloopback_pem4f.oem4f (.const:xdc_runtime_Text_nodeTab__A)
                  00006b72    00000002     spiloopback_pem4f.oem4f (.const:ti_catalog_arm_cortexm4_tiva_ce_Boot_Module__id__C)
                  00006b74    00000090     driverlib.lib : gpio.obj (.const:g_pui32GPIOBaseAddrs)
                  00006c04    00000078     EK_TM4C123GXL.obj (.const:spiTivaDMAHWAttrs)
                  00006c7c    00000064     drivers_tivaware.aem4f : SPITivaDMA.oem4f (.const)
                  00006ce0    00000054                            : GPIOTiva.oem4f (.const:.string)
                  00006d34    00000048     spiloopback_pem4f.oem4f (.const:.string)
                  00006d7c    00000048     drivers_tivaware.aem4f : GPIOTiva.oem4f (.const:gpioBaseAddresses)
                  00006dc4    0000003c     spiloopback_pem4f.oem4f (.const:ti_sysbios_knl_Task_Object__PARAMS__C)
                  00006e00    00000030     EK_TM4C123GXL.obj (.const:SPI_config)
                  00006e30    00000030     spiloopback_pem4f.oem4f (.const:ti_sysbios_family_arm_m3_Hwi_Object__PARAMS__C)
                  00006e60    00000028     spiloopback_pem4f.oem4f (.const:ti_sysbios_heaps_HeapMem_Module__FXNS__C)
                  00006e88    00000024     spiloopback_pem4f.oem4f (.const:ti_sysbios_gates_GateHwi_Module__FXNS__C)
                  00006eac    00000024     spiloopback_pem4f.oem4f (.const:ti_sysbios_gates_GateMutex_Module__FXNS__C)
                  00006ed0    00000024     spiloopback_pem4f.oem4f (.const:ti_sysbios_heaps_HeapMem_Object__PARAMS__C)
                  00006ef4    00000024     spiloopback_pem4f.oem4f (.const:ti_sysbios_knl_Semaphore_Object__PARAMS__C)
                  00006f18    00000020     drivers_tivaware.aem4f : SPI.oem4f (.const)
                  00006f38    00000020     spiloopback_pem4f.oem4f (.const:ti_sysbios_family_arm_m3_Hwi_Object__DESC__C)
                  00006f58    00000020     spiloopback_pem4f.oem4f (.const:ti_sysbios_gates_GateHwi_Object__DESC__C)
                  00006f78    00000020     spiloopback_pem4f.oem4f (.const:ti_sysbios_gates_GateMutex_Object__DESC__C)
                  00006f98    00000020     spiloopback_pem4f.oem4f (.const:ti_sysbios_heaps_HeapMem_Object__DESC__C)
                  00006fb8    00000020     spiloopback_pem4f.oem4f (.const:ti_sysbios_knl_Queue_Object__DESC__C)
                  00006fd8    00000020     spiloopback_pem4f.oem4f (.const:ti_sysbios_knl_Semaphore_Object__DESC__C)
                  00006ff8    00000020     spiloopback_pem4f.oem4f (.const:ti_sysbios_knl_Task_Object__DESC__C)
                  00007018    00000020     spiloopback_pem4f.oem4f (.const:xdc_runtime_Startup_sfxnTab__A)
                  00007038    00000018     spiloopback_pem4f.oem4f (.const:ti_sysbios_gates_GateHwi_Object__PARAMS__C)
                  00007050    00000018     spiloopback_pem4f.oem4f (.const:ti_sysbios_gates_GateMutex_Object__PARAMS__C)
                  00007068    00000018     spiloopback_pem4f.oem4f (.const:ti_sysbios_knl_Queue_Object__PARAMS__C)
                  00007080    00000014     EK_TM4C123GXL.obj (.const:GPIOTiva_config)
                  00007094    00000014     spiloopback_pem4f.oem4f (.const:xdc_runtime_Startup_firstFxns__A)
                  000070a8    00000010     spiloopback_pem4f.oem4f (.const:xdc_runtime_Startup_sfxnRts__A)
                  000070b8    00000008     spiloopback_pem4f.oem4f (.const:ti_sysbios_family_arm_m3_Hwi_excHookFuncs__A)
                  000070c0    00000008     spiloopback_pem4f.oem4f (.const:ti_sysbios_knl_Idle_funcList__C)
                  000070c8    00000008     spiloopback_pem4f.oem4f (.const:xdc_runtime_Startup_firstFxns__C)
                  000070d0    00000008     spiloopback_pem4f.oem4f (.const:xdc_runtime_Startup_lastFxns__C)
                  000070d8    00000004     spiloopback_pem4f.oem4f (.const:ti_catalog_arm_cortexm4_tiva_ce_Boot_A_mustUseEnhancedClockMode__C)
                  000070dc    00000004     spiloopback_pem4f.oem4f (.const:ti_catalog_arm_cortexm4_tiva_ce_Boot_Module__diagsEnabled__C)
                  000070e0    00000004     spiloopback_pem4f.oem4f (.const:ti_catalog_arm_cortexm4_tiva_ce_Boot_Module__diagsIncluded__C)
                  000070e4    00000004     spiloopback_pem4f.oem4f (.const:ti_catalog_arm_cortexm4_tiva_ce_Boot_Module__diagsMask__C)
                  000070e8    00000004     spiloopback_pem4f.oem4f (.const:ti_sysbios_family_arm_lm4_Timer_enableFunc__C)
                  000070ec    00000004     spiloopback_pem4f.oem4f (.const:ti_sysbios_family_arm_lm4_Timer_numTimerDevices__C)
                  000070f0    00000004     spiloopback_pem4f.oem4f (.const:ti_sysbios_family_arm_lm4_Timer_startupNeeded__C)
                  000070f4    00000004     spiloopback_pem4f.oem4f (.const:ti_sysbios_family_arm_m3_Hwi_E_NMI__C)
                  000070f8    00000004     spiloopback_pem4f.oem4f (.const:ti_sysbios_family_arm_m3_Hwi_E_alreadyDefined__C)
                  000070fc    00000004     spiloopback_pem4f.oem4f (.const:ti_sysbios_family_arm_m3_Hwi_E_busFault__C)
                  00007100    00000004     spiloopback_pem4f.oem4f (.const:ti_sysbios_family_arm_m3_Hwi_E_debugMon__C)
                  00007104    00000004     spiloopback_pem4f.oem4f (.const:ti_sysbios_family_arm_m3_Hwi_E_hardFault__C)
                  00007108    00000004     spiloopback_pem4f.oem4f (.const:ti_sysbios_family_arm_m3_Hwi_E_memFault__C)
                  0000710c    00000004     spiloopback_pem4f.oem4f (.const:ti_sysbios_family_arm_m3_Hwi_E_noIsr__C)
                  00007110    00000004     spiloopback_pem4f.oem4f (.const:ti_sysbios_family_arm_m3_Hwi_E_reserved__C)
                  00007114    00000004     spiloopback_pem4f.oem4f (.const:ti_sysbios_family_arm_m3_Hwi_E_svCall__C)
                  00007118    00000004     spiloopback_pem4f.oem4f (.const:ti_sysbios_family_arm_m3_Hwi_E_usageFault__C)
                  0000711c    00000004     spiloopback_pem4f.oem4f (.const:ti_sysbios_family_arm_m3_Hwi_NUM_INTERRUPTS__C)
                  00007120    00000004     spiloopback_pem4f.oem4f (.const:ti_sysbios_family_arm_m3_Hwi_Object__count__C)
                  00007124    00000004     spiloopback_pem4f.oem4f (.const:ti_sysbios_family_arm_m3_Hwi_ccr__C)
                  00007128    00000004     spiloopback_pem4f.oem4f (.const:ti_sysbios_family_arm_m3_Hwi_excHandlerFunc__C)
                  0000712c    00000004     spiloopback_pem4f.oem4f (.const:ti_sysbios_family_arm_m3_Hwi_excHookFuncs__C)
                  00007130    00000004     spiloopback_pem4f.oem4f (.const:ti_sysbios_family_arm_m3_Hwi_nullIsrFunc__C)
                  00007134    00000004     spiloopback_pem4f.oem4f (.const:ti_sysbios_family_arm_m3_Hwi_priGroup__C)
                  00007138    00000004     spiloopback_pem4f.oem4f (.const:ti_sysbios_family_arm_m3_TaskSupport_stackAlignment__C)
                  0000713c    00000004     spiloopback_pem4f.oem4f (.const:ti_sysbios_gates_GateMutex_Instance_State_sem__O)
                  00007140    00000004     spiloopback_pem4f.oem4f (.const:ti_sysbios_hal_Hwi_E_stackOverflow__C)
                  00007144    00000004     spiloopback_pem4f.oem4f (.const:ti_sysbios_heaps_HeapMem_E_memory__C)
                  00007148    00000004     spiloopback_pem4f.oem4f (.const:ti_sysbios_heaps_HeapMem_Module__gateObj__C)
                  0000714c    00000004     spiloopback_pem4f.oem4f (.const:ti_sysbios_heaps_HeapMem_Object__count__C)
                  00007150    00000004     spiloopback_pem4f.oem4f (.const:ti_sysbios_heaps_HeapMem_reqAlign__C)
                  00007154    00000004     spiloopback_pem4f.oem4f (.const:ti_sysbios_knl_Clock_Module_State_clockQ__O)
                  00007158    00000004     spiloopback_pem4f.oem4f (.const:ti_sysbios_knl_Idle_funcList__A)
                  0000715c    00000004     spiloopback_pem4f.oem4f (.const:ti_sysbios_knl_Semaphore_Instance_State_pendQ__O)
                  00007160    00000004     spiloopback_pem4f.oem4f (.const:ti_sysbios_knl_Swi_Object__count__C)
                  00007164    00000004     spiloopback_pem4f.oem4f (.const:ti_sysbios_knl_Task_E_spOutOfBounds__C)
                  00007168    00000004     spiloopback_pem4f.oem4f (.const:ti_sysbios_knl_Task_E_stackOverflow__C)
                  0000716c    00000004     spiloopback_pem4f.oem4f (.const:ti_sysbios_knl_Task_Module_State_inactiveQ__O)
                  00007170    00000004     spiloopback_pem4f.oem4f (.const:ti_sysbios_knl_Task_Object__count__C)
                  00007174    00000004     spiloopback_pem4f.oem4f (.const:ti_sysbios_knl_Task_allBlockedFunc__C)
                  00007178    00000004     spiloopback_pem4f.oem4f (.const:ti_sysbios_knl_Task_defaultStackHeap__C)
                  0000717c    00000004     spiloopback_pem4f.oem4f (.const:ti_sysbios_knl_Task_defaultStackSize__C)
                  00007180    00000004     spiloopback_pem4f.oem4f (.const:ti_sysbios_knl_Task_numConstructedTasks__C)
                  00007184    00000004     spiloopback_pem4f.oem4f (.const:xdc_runtime_Assert_E_assertFailed__C)
                  00007188    00000004     spiloopback_pem4f.oem4f (.const:xdc_runtime_Core_A_initializedParams__C)
                  0000718c    00000004     spiloopback_pem4f.oem4f (.const:xdc_runtime_Core_Module__diagsEnabled__C)
                  00007190    00000004     spiloopback_pem4f.oem4f (.const:xdc_runtime_Core_Module__diagsIncluded__C)
                  00007194    00000004     spiloopback_pem4f.oem4f (.const:xdc_runtime_Core_Module__diagsMask__C)
                  00007198    00000004     spiloopback_pem4f.oem4f (.const:xdc_runtime_Error_E_memory__C)
                  0000719c    00000004     spiloopback_pem4f.oem4f (.const:xdc_runtime_Error_Module__diagsEnabled__C)
                  000071a0    00000004     spiloopback_pem4f.oem4f (.const:xdc_runtime_Error_Module__diagsIncluded__C)
                  000071a4    00000004     spiloopback_pem4f.oem4f (.const:xdc_runtime_Error_Module__diagsMask__C)
                  000071a8    00000004     spiloopback_pem4f.oem4f (.const:xdc_runtime_Error_Module__loggerFxn8__C)
                  000071ac    00000004     spiloopback_pem4f.oem4f (.const:xdc_runtime_Error_Module__loggerObj__C)
                  000071b0    00000004     spiloopback_pem4f.oem4f (.const:xdc_runtime_Error_policyFxn__C)
                  000071b4    00000004     spiloopback_pem4f.oem4f (.const:xdc_runtime_Error_raiseHook__C)
                  000071b8    00000004     spiloopback_pem4f.oem4f (.const:xdc_runtime_IGateProvider_Interface__BASE__C)
                  000071bc    00000004     spiloopback_pem4f.oem4f (.const:xdc_runtime_IHeap_Interface__BASE__C)
                  000071c0    00000004     spiloopback_pem4f.oem4f (.const:xdc_runtime_IModule_Interface__BASE__C)
                  000071c4    00000004     spiloopback_pem4f.oem4f (.const:xdc_runtime_Log_L_error__C)
                  000071c8    00000004     spiloopback_pem4f.oem4f (.const:xdc_runtime_Memory_defaultHeapInstance__C)
                  000071cc    00000004     spiloopback_pem4f.oem4f (.const:xdc_runtime_Startup_execImpl__C)
                  000071d0    00000004     spiloopback_pem4f.oem4f (.const:xdc_runtime_Startup_maxPasses__C)
                  000071d4    00000004     spiloopback_pem4f.oem4f (.const:xdc_runtime_Startup_sfxnRts__C)
                  000071d8    00000004     spiloopback_pem4f.oem4f (.const:xdc_runtime_Startup_sfxnTab__C)
                  000071dc    00000004     spiloopback_pem4f.oem4f (.const:xdc_runtime_SysMin_bufSize__C)
                  000071e0    00000004     spiloopback_pem4f.oem4f (.const:xdc_runtime_SysMin_outputFunc__C)
                  000071e4    00000004     spiloopback_pem4f.oem4f (.const:xdc_runtime_System_Module__gateObj__C)
                  000071e8    00000004     spiloopback_pem4f.oem4f (.const:xdc_runtime_System_abortFxn__C)
                  000071ec    00000004     spiloopback_pem4f.oem4f (.const:xdc_runtime_System_exitFxn__C)
                  000071f0    00000004     spiloopback_pem4f.oem4f (.const:xdc_runtime_System_extendFxn__C)
                  000071f4    00000004     spiloopback_pem4f.oem4f (.const:xdc_runtime_System_maxAtexitHandlers__C)
                  000071f8    00000004     spiloopback_pem4f.oem4f (.const:xdc_runtime_Text_charTab__C)
                  000071fc    00000004     spiloopback_pem4f.oem4f (.const:xdc_runtime_Text_nameEmpty__C)
                  00007200    00000004     spiloopback_pem4f.oem4f (.const:xdc_runtime_Text_nameStatic__C)
                  00007204    00000004     spiloopback_pem4f.oem4f (.const:xdc_runtime_Text_nameUnknown__C)
                  00007208    00000004     spiloopback_pem4f.oem4f (.const:xdc_runtime_Text_nodeTab__C)
                  0000720c    00000004     spiloopback_pem4f.oem4f (.const:xdc_runtime_Text_visitRopeFxn__C)
                  00007210    00000002     spiloopback_pem4f.oem4f (.const:ti_sysbios_family_arm_m3_Hwi_Module__id__C)
                  00007212    00000002     spiloopback_pem4f.oem4f (.const:ti_sysbios_hal_Hwi_Module__id__C)
                  00007214    00000002     spiloopback_pem4f.oem4f (.const:ti_sysbios_heaps_HeapMem_Module__id__C)
                  00007216    00000002     spiloopback_pem4f.oem4f (.const:ti_sysbios_knl_Task_Module__id__C)
                  00007218    00000002     spiloopback_pem4f.oem4f (.const:xdc_runtime_Core_Module__id__C)
                  0000721a    00000002     spiloopback_pem4f.oem4f (.const:xdc_runtime_Error_Module__loggerDefined__C)
                  0000721c    00000002     spiloopback_pem4f.oem4f (.const:xdc_runtime_Error_maxDepth__C)
                  0000721e    00000002     spiloopback_pem4f.oem4f (.const:xdc_runtime_Memory_Module__id__C)
                  00007220    00000002     spiloopback_pem4f.oem4f (.const:xdc_runtime_SysMin_flushAtExit__C)
                  00007222    00000002     spiloopback_pem4f.oem4f (.const:xdc_runtime_Text_charCnt__C)
                  00007224    00000002     spiloopback_pem4f.oem4f (.const:xdc_runtime_Text_isLoaded__C)
                  00007226    00000002     spiloopback_pem4f.oem4f (.const:xdc_runtime_Text_registryModsLastId__C)
                  00007228    00000002     spiloopback_pem4f.oem4f (.const:xdc_runtime_Text_unnamedModsLastId__C)

.cinit     0    00007230    00000218     
                  00007230    000001e0     (.cinit..data.load) [load image, compression = lzss]
                  00007410    0000000c     (__TI_handler_table)
                  0000741c    00000004     --HOLE-- [fill = 0]
                  00007420    00000008     (.cinit..bss.load) [load image, compression = zero_init]
                  00007428    00000008     (.cinit..vecs.load) [load image, compression = zero_init]
                  00007430    00000018     (__TI_cinit_table)

.init_array 
*          0    00000000    00000000     UNINITIALIZED

.resetVecs 
*          0    00000000    0000003c     
                  00000000    0000003c     spiloopback_pem4f.oem4f (.resetVecs)

.bss       0    20000400    00001614     UNINITIALIZED
                  20000400    00000800     (.common:ti_sysbios_heaps_HeapMem_Instance_State_0_buf__A)
                  20000c00    00000360     (.common:ti_sysbios_family_arm_m3_Hwi_dispatchTable)
                  20000f60    00000300     (.common:task1Stack)
                  20001260    00000120     rtsv7M4_T_le_v4SPD16_eabi.lib : trgmsg.c.obj (.bss:_CIOBUF_)
                  20001380    00000080     (.common:xdc_runtime_SysMin_Module_State_0_outbuf__A)
                  20001400    00000200     EK_TM4C123GXL.obj (.bss:dmaControlTable)
                  20001600    00000200     spiloopback_pem4f.oem4f (.bss:taskStackSection)
                  20001800    000000e4     (.common:spiTivaDMAObjects)
                  200018e4    00000090     drivers_tivaware.aem4f : GPIOTiva.oem4f (.bss:gpioCallbackInfo)
                  20001974    00000050     (.common:task1Struct)
                  200019c4    0000001c     EK_TM4C123GXL.obj (.bss:dmaHwiStruct)
                  200019e0    0000001c     (.common:slaveRxBuffer)
                  200019fc    00000004     (.common:gpioInterruptVectors)
                  20001a00    0000000c     (.common:spiTivaDMAscratchBuf)
                  20001a0c    00000008     (.common:parmbuf)

.data      0    20001a14    00000424     UNINITIALIZED
                  20001a14    00000080     spiloopback_pem4f.oem4f (.data:ti_sysbios_knl_Swi_Module_State_0_readyQ__A)
                  20001a94    00000080     spiloopback_pem4f.oem4f (.data:ti_sysbios_knl_Task_Module_State_0_readyQ__A)
                  20001b14    0000004c     spiloopback_pem4f.oem4f (.data:ti_sysbios_knl_Task_Object__table__V)
                  20001b60    00000044     spiloopback_pem4f.oem4f (.data:ti_sysbios_knl_Task_Module__state__V)
                  20001ba4    00000040     spiloopback_pem4f.oem4f (.data:ti_sysbios_family_arm_lm4_Timer_Object__table__V)
                  20001be4    00000038     spiloopback_pem4f.oem4f (.data:ti_sysbios_gates_GateMutex_Object__table__V)
                  20001c1c    00000034     spiloopback_pem4f.oem4f (.data:ti_sysbios_family_arm_m3_Hwi_Module__state__V)
                  20001c50    00000030     spiloopback_pem4f.oem4f (.data:ti_sysbios_family_arm_lm4_Timer_Module_State_0_device__A)
                  20001c80    00000030     spiloopback_pem4f.oem4f (.data:ti_sysbios_knl_Swi_Object__table__V)
                  20001cb0    0000002c     spiloopback_pem4f.oem4f (.data:ti_sysbios_knl_Clock_Module__state__V)
                  20001cdc    00000024     spiloopback_pem4f.oem4f (.data:ti_sysbios_BIOS_Module__state__V)
                  20001d00    0000001c     spiloopback_pem4f.oem4f (.data:ti_sysbios_knl_Swi_Module__state__V)
                  20001d1c    0000001a     spiloopback.obj (.data:slaveTxBuffer)
                  20001d36    00000002     spiloopback_pem4f.oem4f (.data:ti_sysbios_family_arm_m3_Hwi_Module_State_0_excActive__A)
                  20001d38    00000018     spiloopback_pem4f.oem4f (.data:ti_sysbios_family_arm_lm4_Timer_Module_State_0_handles__A)
                  20001d50    00000018     spiloopback_pem4f.oem4f (.data:ti_sysbios_family_arm_m3_Hwi_Object__table__V)
                  20001d68    00000018     spiloopback_pem4f.oem4f (.data:ti_sysbios_heaps_HeapMem_Object__table__V)
                  20001d80    00000014     EK_TM4C123GXL.obj (.data:gpioPinConfigs)
                  20001d94    0000000c     spiloopback_pem4f.oem4f (.data:ti_sysbios_family_arm_lm4_Timer_Module__state__V)
                  20001da0    0000000c     spiloopback_pem4f.oem4f (.data:xdc_runtime_SysMin_Module__state__V)
                  20001dac    00000008     rtsv7M4_T_le_v4SPD16_eabi.lib : _lock.c.obj (.data:$O1$$)
                  20001db4    00000008     EK_TM4C123GXL.obj (.data:gpioCallbackFunctions)
                  20001dbc    00000008     spiloopback_pem4f.oem4f (.data:ti_sysbios_family_arm_m3_Hwi_Module__root__V)
                  20001dc4    00000008     spiloopback_pem4f.oem4f (.data:ti_sysbios_gates_GateHwi_Module__root__V)
                  20001dcc    00000008     spiloopback_pem4f.oem4f (.data:ti_sysbios_gates_GateMutex_Module__root__V)
                  20001dd4    00000008     spiloopback_pem4f.oem4f (.data:ti_sysbios_heaps_HeapMem_Module__root__V)
                  20001ddc    00000008     spiloopback_pem4f.oem4f (.data:ti_sysbios_knl_Queue_Module__root__V)
                  20001de4    00000008     spiloopback_pem4f.oem4f (.data:ti_sysbios_knl_Semaphore_Module__root__V)
                  20001dec    00000008     spiloopback_pem4f.oem4f (.data:ti_sysbios_knl_Task_Module__root__V)
                  20001df4    00000008     spiloopback_pem4f.oem4f (.data:xdc_runtime_Registry_Module__state__V)
                  20001dfc    00000008     spiloopback_pem4f.oem4f (.data:xdc_runtime_Startup_Module__state__V)
                  20001e04    00000008     spiloopback_pem4f.oem4f (.data:xdc_runtime_System_Module_State_0_atexitHandlers__A)
                  20001e0c    00000008     spiloopback_pem4f.oem4f (.data:xdc_runtime_System_Module__state__V)
                  20001e14    00000005     drivers_tivaware.aem4f : GPIOTiva.oem4f (.data)
                  20001e19    00000001     EK_TM4C123GXL.obj (.data)
                  20001e1a    00000002     spiloopback_pem4f.oem4f (.data:xdc_runtime_Error_Module__state__V)
                  20001e1c    00000004     drivers_tivaware.aem4f : SPI.oem4f (.data)
                  20001e20    00000004     rtsv7M4_T_le_v4SPD16_eabi.lib : stkdepth_vars.c.obj (.data)
                  20001e24    00000004     spiloopback_pem4f.oem4f (.data:ti_sysbios_family_arm_m3_Hwi_Module_State_0_excContext__A)
                  20001e28    00000004     spiloopback_pem4f.oem4f (.data:ti_sysbios_family_arm_m3_Hwi_Module_State_0_excStack__A)
                  20001e2c    00000004     spiloopback_pem4f.oem4f (.data:ti_sysbios_gates_GateHwi_Object__table__V)
                  20001e30    00000004     spiloopback_pem4f.oem4f (.data:ti_sysbios_knl_Task_Module_State_0_idleTask__A)
                  20001e34    00000004     spiloopback_pem4f.oem4f (.data:xdc_runtime_Memory_Module__state__V)

.stack     0    20001e38    00000300     UNINITIALIZED
                  20001e38    00000300     --HOLE--

.bootVecs 
*          0    00000000    00000008     DSECT
                  00000000    00000008     boot.aem4f : boot.oem4f (.bootVecs)

.vecs      0    20000000    00000360     UNINITIALIZED
                  20000000    00000360     spiloopback_pem4f.oem4f (.vecs)

xdc.meta   0    00000000    000000e1     COPY SECTION
                  00000000    000000e1     spiloopback_pem4f.oem4f (xdc.meta)

__llvm_prf_cnts 
*          0    20000000    00000000     UNINITIALIZED

MODULE SUMMARY

       Module                       code    ro data   rw data
       ------                       ----    -------   -------
    .\
       EK_TM4C123GXL.obj            518     188       809    
       spiloopback.obj              578     0         902    
    +--+----------------------------+-------+---------+---------+
       Total:                       1096    188       1711   
                                                             
    E:\ti\spiloopback_EK_TM4C123GXL_TI\Debug\configPkg\package\cfg\
       spiloopback_pem4f.oem4f      1786    7590      5400   
    +--+----------------------------+-------+---------+---------+
       Total:                       1786    7590      5400   
                                                             
    C:/ti/tirtos_tivac_2_16_00_08/products/TivaWare_C_Series-2.1.1.71b/driverlib/ccs/Debug/driverlib.lib
       gpio.obj                     566     144       0      
       udma.obj                     348     0         0      
       ssi.obj                      138     0         0      
       sysctl.obj                   132     0         0      
    +--+----------------------------+-------+---------+---------+
       Total:                       1184    144       0      
                                                             
    C:/ti/tirtos_tivac_2_16_00_08/products/tidrivers_tivac_2_16_00_08/packages/ti/drivers/lib/drivers_tivaware.aem4f
       GPIOTiva.oem4f               764     156       153    
       SPITivaDMA.oem4f             888     100       0      
       SPI.oem4f                    144     32        4      
    +--+----------------------------+-------+---------+---------+
       Total:                       1796    288       157    
                                                             
    C:\ti\ccs1200\ccs\tools\compiler\ti-cgt-arm_20.2.6.LTS\lib\rtsv7M4_T_le_v4SPD16_eabi.lib
       trgmsg.c.obj                 108     0         288    
       memcpy_t2.asm.obj            156     0         0      
       memset_t2.asm.obj            122     0         0      
       copy_decompress_lzss.c.obj   104     0         0      
       hostwrite.c.obj              88      0         0      
       cpy_tbl.c.obj                76      0         0      
       u_divt2.asm.obj              64      0         0      
       _lock.c.obj                  26      0         8      
       args_main.c.obj              24      0         0      
       strlen.c.obj                 20      0         0      
       copy_decompress_none.c.obj   14      0         0      
       copy_zero_init.c.obj         12      0         0      
       hostopen.c.obj               0       0         8      
       exit.c.obj                   4       0         0      
       stkdepth_vars.c.obj          0       0         4      
       div0.asm.obj                 2       0         0      
    +--+----------------------------+-------+---------+---------+
       Total:                       820     0         308    
                                                             
    C:\ti\tirtos_tivac_2_16_00_08\products\bios_6_45_01_29\packages\ti\catalog\arm\cortexm4\tiva\ce\lib\Boot.aem4f
       Boot_sysctl.oem4f            262     0         0      
       Boot.oem4f                   152     0         0      
    +--+----------------------------+-------+---------+---------+
       Total:                       414     0         0      
                                                             
    C:\ti\tirtos_tivac_2_16_00_08\products\bios_6_45_01_29\packages\ti\targets\arm\rtsarm\lib\auto_init.aem4f
       auto_init.oem4f              160     0         0      
    +--+----------------------------+-------+---------+---------+
       Total:                       160     0         0      
                                                             
    C:\ti\tirtos_tivac_2_16_00_08\products\bios_6_45_01_29\packages\ti\targets\arm\rtsarm\lib\boot.aem4f
       boot.oem4f                   88      0         0      
    +--+----------------------------+-------+---------+---------+
       Total:                       88      0         0      
                                                             
    C:\ti\tirtos_tivac_2_16_00_08\products\bios_6_45_01_29\packages\ti\targets\arm\rtsarm\lib\ti.targets.arm.rtsarm.aem4f
       System.oem4f                 1255    0         0      
       Text.oem4f                   672     0         0      
       Error.oem4f                  524     0         0      
       Core-mem.oem4f               358     0         0      
       Startup.oem4f                328     0         0      
       SysMin.oem4f                 248     0         0      
       Core-smem.oem4f              204     0         0      
       Memory.oem4f                 176     0         0      
       Assert.oem4f                 84      0         0      
       Core-params.oem4f            70      0         0      
       Core-label.oem4f             52      0         0      
       Registry.oem4f               32      0         0      
       Gate.oem4f                   28      0         0      
    +--+----------------------------+-------+---------+---------+
       Total:                       4031    0         0      
                                                             
    E:\ti\spiloopback_EK_TM4C123GXL_TI\src\sysbios\sysbios.aem4f
       BIOS.obj                     8858    0         0      
       m3_Hwi_asm.obj               314     0         0      
       m3_TaskSupport_asm.obj       180     0         0      
       m3_Hwi_asm_switch.obj        118     0         0      
    +--+----------------------------+-------+---------+---------+
       Total:                       9470    0         0      
                                                             
       Stack:                       0       0         768    
       Linker Generated:            0       532       0      
    +--+----------------------------+-------+---------+---------+
       Grand Total:                 20845   8742      8344   


LINKER GENERATED COPY TABLES

__TI_cinit_table @ 00007430 records: 3, size/record: 8, table size: 24
	.data: load addr=00007230, load size=000001e0 bytes, run addr=20001a14, run size=00000424 bytes, compression=lzss
	.bss: load addr=00007420, load size=00000008 bytes, run addr=20000400, run size=00001614 bytes, compression=zero_init
	.vecs: load addr=00007428, load size=00000008 bytes, run addr=20000000, run size=00000360 bytes, compression=zero_init


LINKER GENERATED HANDLER TABLE

__TI_handler_table @ 00007410 records: 3, size/record: 4, table size: 12
	index: 0, handler: __TI_decompress_lzss
	index: 1, handler: __TI_decompress_none
	index: 2, handler: __TI_zero_init


GLOBAL SYMBOLS: SORTED ALPHABETICALLY BY Name 

address   name                                                              
-------   ----                                                              
000009b5  C$$EXIT                                                           
000040fb  C$$IO$$                                                           
000029e5  EK_TM4C123GXL_initDMA                                             
00004395  EK_TM4C123GXL_initGPIO                                            
00003e1d  EK_TM4C123GXL_initGeneral                                         
00001ef1  EK_TM4C123GXL_initSPI                                             
00004715  GPIODirModeSet                                                    
00003c33  GPIOIntClear                                                      
00005019  GPIOIntStatus                                                     
000035c9  GPIOIntTypeSet                                                    
000011e9  GPIOPadConfigSet                                                  
00003a3d  GPIOPinConfigure                                                  
00004ec5  GPIOPinTypeGPIOInput                                              
00004ed7  GPIOPinTypeSSI                                                    
00004efb  GPIOPinWrite                                                      
00007080  GPIOTiva_config                                                   
00002fd5  GPIO_hwiIntFxn                                                    
000028cd  GPIO_init                                                         
0000371d  GPIO_setCallback                                                  
00000f4d  GPIO_setConfig                                                    
0000376d  GPIO_write                                                        
000034c1  HOSTwrite                                                         
UNDEFED   SHT$$INIT_ARRAY$$Base                                             
UNDEFED   SHT$$INIT_ARRAY$$Limit                                            
00003f21  SPITivaDMA_close                                                  
000051d3  SPITivaDMA_control                                                
00006c7c  SPITivaDMA_fxnTable                                               
00003bef  SPITivaDMA_hwiFxn                                                 
00005161  SPITivaDMA_init                                                   
00001a1d  SPITivaDMA_open                                                   
0000266f  SPITivaDMA_serviceISR                                             
000031cd  SPITivaDMA_transfer                                               
00003dd9  SPITivaDMA_transferCancel                                         
00004e4d  SPI_Params_init                                                   
0000516b  SPI_close                                                         
00006e00  SPI_config                                                        
00006f18  SPI_defaultParams                                                 
00004095  SPI_init                                                          
000043c5  SPI_open                                                          
00005175  SPI_transfer                                                      
00003f5d  SSIConfigSetExpClk                                                
0000517f  SSIDMADisable                                                     
000051bb  SSIDMAEnable                                                      
00004ee9  SSIDataGetNonBlocking                                             
00005189  SSIDisable                                                        
00005193  SSIEnable                                                         
000007bd  SSIIntClear                                                       
0000519d  SSIIntDisable                                                     
000051c3  SSIIntEnable                                                      
000041e9  SysCtlPeripheralEnable                                            
000037bd  SysCtlPeripheralReset                                             
00000000  __ASM__                                                           
20001260  __CIOBUF_                                                         
0000005f  __ISA__                                                           
00000072  __PLAT__                                                          
20002138  __STACK_END                                                       
00000300  __STACK_SIZE                                                      
00000093  __TARG__                                                          
00007430  __TI_CINIT_Base                                                   
00007448  __TI_CINIT_Limit                                                  
00007410  __TI_Handler_Table_Base                                           
0000741c  __TI_Handler_Table_Limit                                          
000023f9  __TI_auto_init                                                    
00002f05  __TI_decompress_lzss                                              
00005027  __TI_decompress_none                                              
ffffffff  __TI_pprof_out_hndl                                               
ffffffff  __TI_prof_data_size                                               
ffffffff  __TI_prof_data_start                                              
0000421d  __TI_readmsg                                                      
00007230  __TI_static_base__                                                
000040cd  __TI_writemsg                                                     
0000507d  __TI_zero_init                                                    
000000b9  __TRDR__                                                          
00002dbf  __aeabi_idiv0                                                     
00002dbf  __aeabi_ldiv0                                                     
00002bf5  __aeabi_memclr                                                    
00002bf5  __aeabi_memclr4                                                   
00002bf5  __aeabi_memclr8                                                   
00002539  __aeabi_memcpy                                                    
00002539  __aeabi_memcpy4                                                   
00002539  __aeabi_memcpy8                                                   
00002bf7  __aeabi_memset                                                    
00002bf7  __aeabi_memset4                                                   
00002bf7  __aeabi_memset8                                                   
00003e5d  __aeabi_uidiv                                                     
00003e5d  __aeabi_uidivmod                                                  
ffffffff  __binit__                                                         
ffffffff  __c_args__                                                        
20001e38  __stack                                                           
20000000  __start___llvm_prf_cnts                                           
20000000  __stop___llvm_prf_cnts                                            
00004ce5  _args_main                                                        
00003469  _c_int00                                                          
20001dac  _lock                                                             
00002c6f  _nop                                                              
00005065  _register_lock                                                    
00005071  _register_unlock                                                  
20001db0  _unlock                                                           
000009b5  abort                                                             
ffffffff  binit                                                             
00003901  copy_in                                                           
20001db4  gpioCallbackFunctions                                             
20001d80  gpioPinConfigs                                                    
00000c95  main                                                              
20001e20  main_func_sp                                                      
00002539  memcpy                                                            
00002bfd  memset                                                            
00004fa9  osi_TaskDisable                                                   
00004f49  osi_start                                                         
20001a0c  parmbuf                                                           
200019e0  slaveRxBuffer                                                     
00001bcd  slaveTaskFxn                                                      
20001d1c  slaveTxBuffer                                                     
00006c04  spiTivaDMAHWAttrs                                                 
20001800  spiTivaDMAObjects                                                 
20001a00  spiTivaDMAscratchBuf                                              
00004e61  strlen                                                            
20000f60  task1Stack                                                        
20001974  task1Struct                                                       
000070d8  ti_catalog_arm_cortexm4_tiva_ce_Boot_A_mustUseEnhancedClockMode__C
000070dc  ti_catalog_arm_cortexm4_tiva_ce_Boot_Module__diagsEnabled__C      
000070e0  ti_catalog_arm_cortexm4_tiva_ce_Boot_Module__diagsIncluded__C     
000070e4  ti_catalog_arm_cortexm4_tiva_ce_Boot_Module__diagsMask__C         
00006b72  ti_catalog_arm_cortexm4_tiva_ce_Boot_Module__id__C                
00005059  ti_catalog_arm_cortexm4_tiva_ce_Boot_init__I                      
00001539  ti_catalog_arm_cortexm4_tiva_ce_Boot_sysCtlClockSetI__I           
00002671  ti_catalog_arm_cortexm4_tiva_ce_Boot_sysCtlClockSet__E            
000051ef  ti_catalog_arm_cortexm4_tiva_ce_Boot_sysCtlDelayI__I              
20001cdc  ti_sysbios_BIOS_Module__state__V                                  
00004c49  ti_sysbios_BIOS_RtsGateProxy_Handle__label__S                     
0000486d  ti_sysbios_BIOS_RtsGateProxy_Object__delete__S                    
00000b2d  ti_sysbios_BIOS_RtsGateProxy_enter__E                             
00000df5  ti_sysbios_BIOS_RtsGateProxy_leave__E                             
00005239  ti_sysbios_BIOS_RtsGateProxy_query__E                             
000043f5  ti_sysbios_BIOS_atExitFunc__I                                     
000047dd  ti_sysbios_BIOS_errorRaiseHook__I                                 
00004e09  ti_sysbios_BIOS_exitFunc__I                                       
00004f29  ti_sysbios_BIOS_getCpuFreq__E                                     
00002fd3  ti_sysbios_BIOS_nullFunc__I                                       
00004801  ti_sysbios_BIOS_registerRTSLock__I                                
00004825  ti_sysbios_BIOS_removeRTSLock__I                                  
[...]
00005049  ti_sysbios_knl_Queue_empty__E                                     
00005059  ti_catalog_arm_cortexm4_tiva_ce_Boot_init__I                      
00005065  _register_lock                                                    
00005071  _register_unlock                                                  
0000507d  __TI_zero_init                                                    
00005089  ti_sysbios_family_arm_lm4_Timer_getMaxTicks__E                    
00005095  ti_sysbios_family_arm_m3_Hwi_Params__init__S                      
00005095  ti_sysbios_hal_Hwi_HwiProxy_Params__init__S                       
000050a1  ti_sysbios_family_arm_m3_Hwi_disableFxn__E                        
000050a1  ti_sysbios_hal_Hwi_HwiProxy_disable__E                            
000050b1  ti_sysbios_family_arm_m3_TaskSupport_checkStack__E                
000050b1  ti_sysbios_knl_Task_SupportProxy_checkStack__E                    
000050c1  ti_sysbios_family_arm_m3_TaskSupport_getStackAlignment__E         
000050c1  ti_sysbios_knl_Task_SupportProxy_getStackAlignment__E             
000050d1  ti_sysbios_gates_GateHwi_enter__E                                 
000050dd  ti_sysbios_knl_Queue_Object__get__S                               
000050e9  ti_sysbios_knl_Semaphore_Params__init__S                          
000050f5  ti_sysbios_knl_Task_Params__init__S                               
00005101  uDMAControlBaseSet                                                
0000510d  uDMAErrorStatusClear                                              
00005119  uDMAErrorStatusGet                                                
00005125  uDMAIntStatus                                                     
00005131  xdc_runtime_Error_init__E                                         
0000513d  xdc_runtime_Gate_enterSystem__E                                   
00005149  xdc_runtime_Memory_calloc__E                                      
00005155  xdc_runtime_Memory_getMaxDefaultTypeAlign__E                      
00005161  SPITivaDMA_init                                                   
0000516b  SPI_close                                                         
00005175  SPI_transfer                                                      
0000517f  SSIDMADisable                                                     
00005189  SSIDisable                                                        
00005193  SSIEnable                                                         
0000519d  SSIIntDisable                                                     
000051a7  xdc_runtime_Memory_HeapProxy_alloc__E                             
000051b1  xdc_runtime_Memory_HeapProxy_free__E                              
000051bb  SSIDMAEnable                                                      
000051c3  SSIIntEnable                                                      
000051cb  ti_sysbios_family_arm_lm4_Timer_masterDisable__I                  
000051d3  SPITivaDMA_control                                                
000051d9  ti_sysbios_family_arm_m3_Hwi_doSwiRestore__I                      
000051e1  ti_sysbios_family_arm_m3_Hwi_startup__E                           
000051e1  ti_sysbios_hal_Hwi_HwiProxy_startup__E                            
000051e1  ti_sysbios_hal_Hwi_startup__E                                     
000051ef  ti_catalog_arm_cortexm4_tiva_ce_Boot_sysCtlDelayI__I              
000051f9  ti_sysbios_family_arm_m3_Hwi_doTaskRestore__I                     
00005201  ti_sysbios_family_arm_m3_Hwi_restoreFxn__E                        
00005201  ti_sysbios_hal_Hwi_HwiProxy_restore__E                            
00005209  ti_sysbios_gates_GateHwi_leave__E                                 
00005211  ti_sysbios_heaps_HeapMem_isBlocking__E                            
00005219  ti_sysbios_knl_Queue_Instance_init__E                             
00005221  ti_sysbios_knl_Swi_startup__E                                     
00005227  xdc_runtime_System_Module_startup__E                              
00005231  ti_sysbios_gates_GateHwi_query__E                                 
00005231  xdc_runtime_Main_Module_GateProxy_query__E                        
00005231  xdc_runtime_System_Module_GateProxy_query__E                      
00005239  ti_sysbios_BIOS_RtsGateProxy_query__E                             
00005239  ti_sysbios_gates_GateMutex_query__E                               
00005239  ti_sysbios_heaps_HeapMem_Module_GateProxy_query__E                
00005241  ti_sysbios_knl_Task_startup__E                                    
00005249  ti_sysbios_gates_GateHwi_Instance_init__E                         
00005251  ti_sysbios_knl_Clock_logTick__E                                   
00005254  xdc_runtime_Text_charTab__A                                       
00006ab5  xdc_runtime_Error_policy__C                                       
00006ab6  xdc_runtime_Text_nodeTab__A                                       
00006b72  ti_catalog_arm_cortexm4_tiva_ce_Boot_Module__id__C                
00006c04  spiTivaDMAHWAttrs                                                 
00006c7c  SPITivaDMA_fxnTable                                               
00006dc4  ti_sysbios_knl_Task_Object__PARAMS__C                             
00006e00  SPI_config                                                        
00006e30  ti_sysbios_family_arm_m3_Hwi_Object__PARAMS__C                    
00006e60  ti_sysbios_heaps_HeapMem_Module__FXNS__C                          
00006e88  ti_sysbios_gates_GateHwi_Module__FXNS__C                          
00006eac  ti_sysbios_gates_GateMutex_Module__FXNS__C                        
00006ed0  ti_sysbios_heaps_HeapMem_Object__PARAMS__C                        
00006ef4  ti_sysbios_knl_Semaphore_Object__PARAMS__C                        
00006f18  SPI_defaultParams                                                 
00006f38  ti_sysbios_family_arm_m3_Hwi_Object__DESC__C                      
00006f58  ti_sysbios_gates_GateHwi_Object__DESC__C                          
00006f78  ti_sysbios_gates_GateMutex_Object__DESC__C                        
00006f98  ti_sysbios_heaps_HeapMem_Object__DESC__C                          
00006fb8  ti_sysbios_knl_Queue_Object__DESC__C                              
00006fd8  ti_sysbios_knl_Semaphore_Object__DESC__C                          
00006ff8  ti_sysbios_knl_Task_Object__DESC__C                               
00007018  xdc_runtime_Startup_sfxnTab__A                                    
00007038  ti_sysbios_gates_GateHwi_Object__PARAMS__C                        
00007050  ti_sysbios_gates_GateMutex_Object__PARAMS__C                      
00007068  ti_sysbios_knl_Queue_Object__PARAMS__C                            
00007080  GPIOTiva_config                                                   
00007094  xdc_runtime_Startup_firstFxns__A                                  
000070a8  xdc_runtime_Startup_sfxnRts__A                                    
000070b8  ti_sysbios_family_arm_m3_Hwi_excHookFuncs__A                      
000070c0  ti_sysbios_knl_Idle_funcList__C                                   
000070c8  xdc_runtime_Startup_firstFxns__C                                  
000070d0  xdc_runtime_Startup_lastFxns__C                                   
000070d8  ti_catalog_arm_cortexm4_tiva_ce_Boot_A_mustUseEnhancedClockMode__C
000070dc  ti_catalog_arm_cortexm4_tiva_ce_Boot_Module__diagsEnabled__C      
000070e0  ti_catalog_arm_cortexm4_tiva_ce_Boot_Module__diagsIncluded__C     
000070e4  ti_catalog_arm_cortexm4_tiva_ce_Boot_Module__diagsMask__C         
000070e8  ti_sysbios_family_arm_lm4_Timer_enableFunc__C                     
000070ec  ti_sysbios_family_arm_lm4_Timer_numTimerDevices__C                
000070f0  ti_sysbios_family_arm_lm4_Timer_startupNeeded__C                  
000070f4  ti_sysbios_family_arm_m3_Hwi_E_NMI__C                             
000070f8  ti_sysbios_family_arm_m3_Hwi_E_alreadyDefined__C                  
000070fc  ti_sysbios_family_arm_m3_Hwi_E_busFault__C                        
00007100  ti_sysbios_family_arm_m3_Hwi_E_debugMon__C                        
00007104  ti_sysbios_family_arm_m3_Hwi_E_hardFault__C                       
00007108  ti_sysbios_family_arm_m3_Hwi_E_memFault__C                        
0000710c  ti_sysbios_family_arm_m3_Hwi_E_noIsr__C                           
00007110  ti_sysbios_family_arm_m3_Hwi_E_reserved__C                        
00007114  ti_sysbios_family_arm_m3_Hwi_E_svCall__C                          
00007118  ti_sysbios_family_arm_m3_Hwi_E_usageFault__C                      
0000711c  ti_sysbios_family_arm_m3_Hwi_NUM_INTERRUPTS__C                    
00007120  ti_sysbios_family_arm_m3_Hwi_Object__count__C                     
00007124  ti_sysbios_family_arm_m3_Hwi_ccr__C                               
00007128  ti_sysbios_family_arm_m3_Hwi_excHandlerFunc__C                    
0000712c  ti_sysbios_family_arm_m3_Hwi_excHookFuncs__C                      
00007130  ti_sysbios_family_arm_m3_Hwi_nullIsrFunc__C                       
00007134  ti_sysbios_family_arm_m3_Hwi_priGroup__C                          
00007138  ti_sysbios_family_arm_m3_TaskSupport_stackAlignment__C            
0000713c  ti_sysbios_gates_GateMutex_Instance_State_sem__O                  
00007140  ti_sysbios_hal_Hwi_E_stackOverflow__C                             
00007144  ti_sysbios_heaps_HeapMem_E_memory__C                              
00007148  ti_sysbios_heaps_HeapMem_Module__gateObj__C                       
0000714c  ti_sysbios_heaps_HeapMem_Object__count__C                         
00007150  ti_sysbios_heaps_HeapMem_reqAlign__C                              
00007154  ti_sysbios_knl_Clock_Module_State_clockQ__O                       
00007158  ti_sysbios_knl_Idle_funcList__A                                   
0000715c  ti_sysbios_knl_Semaphore_Instance_State_pendQ__O                  
00007160  ti_sysbios_knl_Swi_Object__count__C                               
00007164  ti_sysbios_knl_Task_E_spOutOfBounds__C                            
00007168  ti_sysbios_knl_Task_E_stackOverflow__C                            
0000716c  ti_sysbios_knl_Task_Module_State_inactiveQ__O                     
00007170  ti_sysbios_knl_Task_Object__count__C                              
00007174  ti_sysbios_knl_Task_allBlockedFunc__C                             
00007178  ti_sysbios_knl_Task_defaultStackHeap__C                           
0000717c  ti_sysbios_knl_Task_defaultStackSize__C                           
00007180  ti_sysbios_knl_Task_numConstructedTasks__C                        
00007184  xdc_runtime_Assert_E_assertFailed__C                              
00007188  xdc_runtime_Core_A_initializedParams__C                           
0000718c  xdc_runtime_Core_Module__diagsEnabled__C                          
00007190  xdc_runtime_Core_Module__diagsIncluded__C                         
00007194  xdc_runtime_Core_Module__diagsMask__C                             
00007198  xdc_runtime_Error_E_memory__C                                     
0000719c  xdc_runtime_Error_Module__diagsEnabled__C                         
000071a0  xdc_runtime_Error_Module__diagsIncluded__C                        
000071a4  xdc_runtime_Error_Module__diagsMask__C                            
000071a8  xdc_runtime_Error_Module__loggerFxn8__C                           
000071ac  xdc_runtime_Error_Module__loggerObj__C                            
000071b0  xdc_runtime_Error_policyFxn__C                                    
000071b4  xdc_runtime_Error_raiseHook__C                                    
000071b8  xdc_runtime_IGateProvider_Interface__BASE__C                      
000071bc  xdc_runtime_IHeap_Interface__BASE__C                              
000071c0  xdc_runtime_IModule_Interface__BASE__C                            
000071c4  xdc_runtime_Log_L_error__C                                        
000071c8  xdc_runtime_Memory_defaultHeapInstance__C                         
000071cc  xdc_runtime_Startup_execImpl__C                                   
000071d0  xdc_runtime_Startup_maxPasses__C                                  
000071d4  xdc_runtime_Startup_sfxnRts__C                                    
000071d8  xdc_runtime_Startup_sfxnTab__C                                    
000071dc  xdc_runtime_SysMin_bufSize__C                                     
000071e0  xdc_runtime_SysMin_outputFunc__C                                  
000071e4  xdc_runtime_System_Module__gateObj__C                             
000071e8  xdc_runtime_System_abortFxn__C                                    
000071ec  xdc_runtime_System_exitFxn__C                                     
000071f0  xdc_runtime_System_extendFxn__C                                   
000071f4  xdc_runtime_System_maxAtexitHandlers__C                           
000071f8  xdc_runtime_Text_charTab__C                                       
000071fc  xdc_runtime_Text_nameEmpty__C                                     
00007200  xdc_runtime_Text_nameStatic__C                                    
00007204  xdc_runtime_Text_nameUnknown__C                                   
00007208  xdc_runtime_Text_nodeTab__C                                       
0000720c  xdc_runtime_Text_visitRopeFxn__C                                  
00007210  ti_sysbios_family_arm_m3_Hwi_Module__id__C                        
00007212  ti_sysbios_hal_Hwi_Module__id__C                                  
00007214  ti_sysbios_heaps_HeapMem_Module__id__C                            
00007216  ti_sysbios_knl_Task_Module__id__C                                 
00007218  xdc_runtime_Core_Module__id__C                                    
0000721a  xdc_runtime_Error_Module__loggerDefined__C                        
0000721c  xdc_runtime_Error_maxDepth__C                                     
0000721e  xdc_runtime_Memory_Module__id__C                                  
00007220  xdc_runtime_SysMin_flushAtExit__C                                 
00007222  xdc_runtime_Text_charCnt__C                                       
00007224  xdc_runtime_Text_isLoaded__C                                      
00007226  xdc_runtime_Text_registryModsLastId__C                            
00007228  xdc_runtime_Text_unnamedModsLastId__C                             
00007230  __TI_static_base__                                                
00007410  __TI_Handler_Table_Base                                           
0000741c  __TI_Handler_Table_Limit                                          
00007430  __TI_CINIT_Base                                                   
00007448  __TI_CINIT_Limit                                                  
20000000  __start___llvm_prf_cnts                                           
20000000  __stop___llvm_prf_cnts                                            
20000000  ti_sysbios_family_arm_m3_Hwi_ramVectors                           
20000400  ti_sysbios_heaps_HeapMem_Instance_State_0_buf__A                  
20000c00  ti_sysbios_family_arm_m3_Hwi_dispatchTable                        
20000f60  task1Stack                                                        
20001260  __CIOBUF_                                                         
20001380  xdc_runtime_SysMin_Module_State_0_outbuf__A                       
20001600  ti_sysbios_knl_Task_Instance_State_0_stack__A                     
20001800  spiTivaDMAObjects                                                 
20001974  task1Struct                                                       
200019e0  slaveRxBuffer                                                     
20001a00  spiTivaDMAscratchBuf                                              
20001a0c  parmbuf                                                           
20001a14  ti_sysbios_knl_Swi_Module_State_0_readyQ__A                       
20001a94  ti_sysbios_knl_Task_Module_State_0_readyQ__A                      
20001b14  ti_sysbios_knl_Task_Object__table__V                              
20001b60  ti_sysbios_knl_Task_Module__state__V                              
20001ba4  ti_sysbios_family_arm_lm4_Timer_Object__table__V                  
20001be4  ti_sysbios_gates_GateMutex_Object__table__V                       
20001c1c  ti_sysbios_family_arm_m3_Hwi_Module__state__V                     
20001c50  ti_sysbios_family_arm_lm4_Timer_Module_State_0_device__A          
20001c80  ti_sysbios_knl_Swi_Object__table__V                               
20001cb0  ti_sysbios_knl_Clock_Module__state__V                             
20001cdc  ti_sysbios_BIOS_Module__state__V                                  
20001d00  ti_sysbios_knl_Swi_Module__state__V                               
20001d1c  slaveTxBuffer                                                     
20001d36  ti_sysbios_family_arm_m3_Hwi_Module_State_0_excActive__A          
20001d38  ti_sysbios_family_arm_lm4_Timer_Module_State_0_handles__A         
20001d50  ti_sysbios_family_arm_m3_Hwi_Object__table__V                     
20001d68  ti_sysbios_heaps_HeapMem_Object__table__V                         
20001d80  gpioPinConfigs                                                    
20001d94  ti_sysbios_family_arm_lm4_Timer_Module__state__V                  
20001da0  xdc_runtime_SysMin_Module__state__V                               
20001dac  _lock                                                             
20001db0  _unlock                                                           
20001db4  gpioCallbackFunctions                                             
20001dbc  ti_sysbios_family_arm_m3_Hwi_Module__root__V                      
20001dc4  ti_sysbios_gates_GateHwi_Module__root__V                          
20001dcc  ti_sysbios_gates_GateMutex_Module__root__V                        
20001dd4  ti_sysbios_heaps_HeapMem_Module__root__V                          
20001ddc  ti_sysbios_knl_Queue_Module__root__V                              
20001de4  ti_sysbios_knl_Semaphore_Module__root__V                          
20001dec  ti_sysbios_knl_Task_Module__root__V                               
20001df4  xdc_runtime_Registry_Module__state__V                             
20001dfc  xdc_runtime_Startup_Module__state__V                              
20001e04  xdc_runtime_System_Module_State_0_atexitHandlers__A               
20001e0c  xdc_runtime_System_Module__state__V                               
20001e1a  xdc_runtime_Error_Module__state__V                                
20001e20  main_func_sp                                                      
20001e24  ti_sysbios_family_arm_m3_Hwi_Module_State_0_excContext__A         
20001e28  ti_sysbios_family_arm_m3_Hwi_Module_State_0_excStack__A           
20001e2c  ti_sysbios_gates_GateHwi_Object__table__V                         
20001e30  ti_sysbios_knl_Task_Module_State_0_idleTask__A                    
20001e34  xdc_runtime_Memory_Module__state__V                               
20001e38  __stack                                                           
20002138  __STACK_END                                                       
e000e000  ti_sysbios_family_arm_m3_Hwi_nvic                                 
ffffffff  __TI_pprof_out_hndl                                               
ffffffff  __TI_prof_data_size                                               
ffffffff  __TI_prof_data_start                                              
ffffffff  __binit__                                                         
ffffffff  __c_args__                                                        
ffffffff  binit                                                             
UNDEFED   SHT$$INIT_ARRAY$$Base                                             
UNDEFED   SHT$$INIT_ARRAY$$Limit                                            

[567 symbols]
